
added 211 packages in 11s

> oak-homes-website@0.0.1 build
> astro build

[2m21:50:42[22m [34m[content][39m Syncing content
[2m21:50:42[22m [34m[content][39m Synced content
[2m21:50:42[22m [34m[types][39m Generated [2m550ms[22m
[2m21:50:42[22m [34m[build][39m output: [34m"static"[39m
[2m21:50:42[22m [34m[build][39m mode: [34m"static"[39m
[2m21:50:42[22m [34m[build][39m directory: [34mC:\tmp\oak-legal-260902-build\dist\[39m
[2m21:50:42[22m [34m[build][39m Collecting build info...
[2m21:50:42[22m [34m[build][39m [32m✓ Completed in 580ms.[39m
[2m21:50:42[22m [34m[build][39m Building static entrypoints...
[2m21:50:42[22m [34m[vite][39m [32m✓ built in 361ms[39m
[2m21:50:42[22m [34m[vite][39m [32m✓ built in 47ms[39m
[2m21:50:42[22m [34m[build][39m Rearranging server assets...

[42m[30m generating static routes [39m[49m
[2m21:50:43[22m   [34m├─[39m [2m/about/index.html[22m [2m(+10ms)[22m 
[2m21:50:43[22m   [34m├─[39m [2m/contact/index.html[22m [2m(+3ms)[22m 
[2m21:50:43[22m   [34m├─[39m [2m/homes/2734-brown-st/index.html[22m [2m(+5ms)[22m 
[2m21:50:43[22m   [34m├─[39m [2m/homes/614-e-marengo-st/index.html[22m [2m(+2ms)[22m 
[2m21:50:43[22m   [34m├─[39m [2m/homes/index.html[22m [2m(+13ms)[22m 
[2m21:50:43[22m   [34m├─[39m [2m/how-it-works/index.html[22m [2m(+5ms)[22m 
[2m21:50:43[22m   [34m├─[39m [2m/learn/what-is-a-land-contract/index.html[22m [2m(+3ms)[22m 
[2m21:50:43[22m   [34m├─[39m [2m/learn/index.html[22m [2m(+3ms)[22m 
[2m21:50:43[22m   [34m├─[39m [2m/privacy/index.html[22m [2m(+3ms)[22m 
[2m21:50:43[22m   [34m├─[39m [2m/schedule/index.html[22m [2m(+3ms)[22m 
[2m21:50:43[22m   [34m├─[39m [2m/sms-terms/index.html[22m [2m(+3ms)[22m 
[2m21:50:43[22m   [34m├─[39m [2m/index.html[22m [2m(+3ms)[22m 
[2m21:50:43[22m [32m✓ Completed in 80ms.
[39m
[2m21:50:43[22m [34m[build][39m [32m✓ Completed in 869ms.[39m
[2m21:50:43[22m [34m[@astrojs/sitemap][39m `sitemap-index.xml` created at `dist`
[2m21:50:43[22m [34m[build][39m 12 page(s) built in [1m1.46s[22m
[2m21:50:43[22m [34m[build][39m [1mComplete![22m
